<?xml version="1.0" encoding="utf-8" ?>
<scene>
    <attribute name="AtmosphericScattering"/>
    <object>
        <attribute name="first_person_camera"/>
        <attribute position="0,8005,-100" />
        <attribute active="true"/>
        <component class="Camera">
            <attribute aperture="65.0"/>
            <attribute znear="0.1"/>
            <attribute zfar="1000.0"/>
        </component>
        <component class="GuiCamera"/>
        <component class="FirstPersonCamera">
        </component>
    </object>
    <object>
        <attribute name="sun"/>
        <attribute position="0, 10055, 0"/>
        <attribute rotate="90, 0, 0"/>
        <attribute active="true"/>
        <component class="Light">
            <attribute type="sun"/>
            <attribute color="1.0,1.0,1.0"/>
            <attribute range="10000.0"/>
            <attribute intensity="10"/>
        </component>
    </object>
    <object>
        <attribute name="moon"/>
        <attribute position="0, -10055, 0"/>
        <attribute rotate="-90, 0, 0"/>
        <attribute active="true"/>
        <component class="Light">
            <attribute type="sun"/>
            <attribute color="1.0,1.0,1.0"/>
            <attribute range="100000.0"/>
            <attribute intensity="1"/>
        </component>
    </object>
    <object>
        <attribute active="true"/>
        <component class="TerrainMaker"/>
    </object>
</scene>