<?xml version="1.0" encoding="utf-8" ?>
<scene>
    <attribute name="UI"/>
    <object name="UIRoot" position="0,0,-1" lookat="0,0,1" active="true">
        <component class="Camera" type="ortho" ortho="0,100,0,100" znear="0.1" zfar="10.0" w="1376" h="768"/>
        <component class="GuiCamera"/>
    </object>
    <object position="0,0,0"  scale="400, 400, 0" active="true">
        <component class="GuiWindow" skin="WindowCS" text="hello world" />
        <object active="true" position="0,0,0" scale="400, 370, 0">
            <component class="GuiScrollView" skin="ScrollView" canvasSize="256,256" align="Stretch" />
            <object active="true" position="0,0,0" scale="256, 256, 0">
                <component class="GuiImage" skin="ImageBox" texture="dlc:ui/textures/Crystal_Clear_View.png"/>
            </object>
        </object>
    </object>
    <object position="400,400,0"  scale="200, 200, 0" active="true">
        <component class="GuiEditBox" skin="EditBox" text="hello world"/>
    </object>
</scene>