<?xml version="1.0" encoding="utf-8" ?>
<scene>
    <attribute name="SSR"/>
    <object>
        <attribute name="first_person_camera"/>
        <attribute position="0,0,0"/>
        <attribute rotate="0,0,0"/>
        <attribute active="true"/>
        <component class="Camera">
            <attribute aperture="65.0"/>
            <attribute znear="0.1"/>
            <attribute zfar="1000.0"/>
        </component>
        <component class="FirstPersonCamera">
        </component>
        <component class="Skybox">
            <attribute flags="skybox|skylighting"/>
            <attribute skyIntensity="0.1,0.1"/>
            <attribute skymap="dlc:SSR/textures/output_skybox.dds"/>
            <attribute skydiffuse="dlc:SSR/textures/output_iem.dds"/>
            <attribute skyspecular="dlc:SSR/textures/output_pmrem.dds"/>
        </component>
    </object>
    <object>
        <attribute name="spot"/>
        <attribute position="0,1,0"/>
        <attribute rotate="90,0,0"/>
        <attribute active="true"/>
        <component class="Light">
            <attribute type="spot"/>
            <attribute color="1.0,1.0,1.0"/>
            <attribute range="200.0"/>
            <attribute intensity="1.0"/>
            <attribute shadow="low"/>
            <attribute soft="false"/>
            <attribute GI="false"/>
        </component>
    </object>
    <object>
        <attribute name="light"/>
        <attribute position="0, 0, 0"/>
        <attribute rotate="0,-90,0"/>
        <attribute active="true"/>
        <component class="Light">
            <attribute type="ambient"/>
            <attribute range="1000.0"/>
            <attribute color="1.0,1.0,1.0"/>
            <attribute intensity="0.05"/>
        </component>
    </object>
    <object>
        <attribute name="light"/>
        <attribute position="0, 0, 0"/>
        <attribute rotate="0,90,0"/>
        <attribute active="true"/>
        <component class="Light">
            <attribute type="ambient"/>
            <attribute range="1000.0"/>
            <attribute color="1.0,1.0,1.0"/>
            <attribute intensity="0.05"/>
        </component>
    </object>
    <object>
        <attribute name="model_loader"/>
        <attribute active="true"/>
        <component class="Model">
        </component>
    </object>
</scene>