<?xml version="1.0" encoding="utf-8" ?>
<scene>
    <attribute name="SSSSS"/>
    <object>
        <attribute name="first_person_camera"/>
        <attribute position="0,0,-3"/>
        <attribute active="true"/>
        <component class="Camera">
            <attribute aperture="45.0"/>
            <attribute znear="0.1"/>
            <attribute zfar="100.0"/>
        </component>
        <component class="FirstPersonCamera">
        </component>
    </object>
    <object>
        <attribute name="head"/>
        <attribute position="0,0,0"/>
        <attribute rotate="0,0,0"/>
        <attribute scale="1,1,1"/>
        <attribute active="true"/>
        <component class="Mesh">
            <attribute name="dlc:SSSSS/models/head/Head.sdkmesh"/>
        </component>
        <component class="MeshRender">
            <attribute castshadow="true"/>
            <attribute receiveshadow="false"/>
            <attribute material="dlc:sssss/materials/sssss.mat"/>
        </component>
    </object>
    <object>
        <attribute name="plane"/>
        <attribute position="0,-2,0"/>
        <attribute scale="10,1,10"/>
        <attribute active="true"/>
        <component class="Mesh">
            <attribute name="dlc:sssss/models/cube.pmx"/>
        </component>
        <component class="MeshRender">
            <attribute material="dlc:sssss/materials/plane.mat"/>
        </component>
    </object>
    <object>
        <attribute name="sun"/>
        <attribute position="0,2,-3"/>
        <attribute rotate="1,0,0"/>
        <attribute active="true"/>
        <component class="Light">
            <attribute type="sun"/>
            <attribute color="1.0,1.0,1.0"/>
            <attribute range="30.0"/>
            <attribute intensity="1.0"/>
            <attribute shadow="true"/>
        </component>
    </object>
    <object>
        <attribute name="light"/>
        <attribute position="0, 0, 0"/>
        <attribute active="false"/>
        <component class="Light">
            <attribute type="ambient"/>
            <attribute color="1.0,1.0,1.0"/>
            <attribute range="200.0"/>
            <attribute intensity="0.1"/>
        </component>
    </object>
</scene>