<?xml version="1.0" encoding="utf-8" ?>
<scene>
    <attribute name="EnvLighting"/>
    <object>
        <attribute name="first_person_camera"/>
        <attribute position="0,0,-15" />
        <attribute active="true"/>
        <component class="Camera">
            <attribute aperture="45.0"/>
            <attribute znear="0.1"/>
            <attribute zfar="1000.0"/>
        </component>
        <component class="FirstPersonCamera">
        </component>
        <component class="Skybox">
            <attribute castshadow="false"/>
            <attribute receiveshadow="false"/>
            <attribute flags="skybox|skylighting"/>
            <attribute skymap="dlc:EnvLighting/texture/skybox.dds"/>
            <attribute skydiffuse="dlc:EnvLighting/texture/sky_diff.dds"/>
            <attribute skyspecular="dlc:EnvLighting/texture/sky_spec.dds"/>
        </component>
    </object>
    <object>
        <attribute name="sun"/>
        <attribute position="0, 50, -25"/>
        <attribute rotate="90, 0, 0"/>
        <attribute active="true"/>
        <component class="Light">
            <attribute type="sun"/>
            <attribute color="1.0,1.0,1.0"/>
            <attribute range="200.0"/>
            <attribute intensity="2.0"/>
            <attribute shadow="false"/>
        </component>
    </object>
    <object>
        <attribute name="light"/>
        <attribute position="0, 0, 0"/>
        <attribute rotate="180, 0, 0"/>
        <attribute active="false"/>
        <component class="Light">
            <attribute type="ambient"/>
            <attribute color="1.0,1.0,1.0"/>
            <attribute range="200.0"/>
            <attribute intensity="0.1"/>
        </component>
    </object>
    <object>
        <attribute active="true"/>
        <component class="SphereMaker"/>
    </object>
    <!--object name="UIRoot">
        <attribute position="0,0,-1"/>
        <attribute active="true"/>
        <component class="Camera">
            <attribute type="ortho"/>
            <attribute order="2D"/>
            <attribute clearflags="depth"/>
        </component>
        <component class="GuiCamera"/>
    </object>
    <object>
        <attribute position="0,0,0"/>
        <attribute scale="300, 760, 0"/>
        <attribute active="true"/>
        <component class="GuiWindow">
            <attribute skin="WindowCS"/>
            <attribute text="Setting"/>
        </component>
        <object>
            <attribute position="0,0,0"/>
            <attribute scale="300,768,0"/>
            <attribute active="true"/>
            <component class="GuiScrollView" skin="ScrollViewEmpty" canvasSize="256,256" align="Stretch"/>
            <object active="true" position="0,0,0" scale="256, 256, 0">
                <component class="GuiImage" skin="ImageBox" texture="dlc:ui/textures/Crystal_Clear_View.png"/>
            </object>
        </object>
    </object-->
</scene>