<?xml version="1.0" encoding="utf-8" ?>
<scene>
    <attribute name="EnvLighting"/>
    <object>
        <attribute name="first_person_camera"/>
        <attribute position="0,20,-50" />
        <attribute active="true"/>
        <component class="Camera">
            <attribute aperture="75.0"/>
            <attribute znear="0.1"/>
            <attribute zfar="2000.0"/>
        </component>
        <component class="FirstPersonCamera">
        </component>
        <component class="Skybox">
            <attribute flags="skybox|skylighting"/>
            <attribute skymap="dlc:common/textures/output_skybox.dds"/>
            <attribute skydiffuse="dlc:common/textures/output_iem.dds"/>
            <attribute skyspecular="dlc:common/textures/output_pmrem.dds"/>
        </component>
    </object>
    <object>
        <attribute name="sun"/>
        <attribute position="0, 50, -25"/>
        <attribute rotate="90, 0, 0"/>
        <attribute active="true"/>
        <component class="Light">
            <attribute type="sun"/>
            <attribute color="1.0,1.0,1.0"/>
            <attribute range="60.0"/>
            <attribute intensity="1.0"/>
            <attribute shadow="soft"/>
        </component>
    </object>
    <object>
        <attribute active="true"/>
        <component class="SphereMaker"/>
    </object>
</scene>