<?xml version="1.0" encoding="utf-8" ?>
<scene>
    <attribute name="sound"/>
    <object>
        <attribute name="first_person_camera"/>
        <attribute position="0,0,-5" />
        <attribute lookat="0,0,1" />
        <attribute active="true"/>
        <component class="Camera">
            <attribute aperture="45.0"/>
            <attribute znear="0.1"/>
            <attribute zfar="65535.0"/>
        </component>
        <component class="FirstPersonCamera">
        </component>
        <!--component class="SoundListener">
        </component-->
    </object>
    <object>
        <attribute name="grass"/>
        <attribute position="0,0,0" />
        <attribute active="true"/>
        <component class="Mesh">
            <attribute name="dlc:sound/models/cube.pmx"/>
        </component>
        <component class="MeshRender">
            <attribute material="dlc:sound/material/grass.mat"/>
        </component>
    </object>
    <object>
        <attribute name="light"/>
        <attribute position="0, 0, 0"/>
        <attribute active="true"/>
        <component class="Light">
            <attribute type="ambient"/>
            <attribute color="1.0,1.0,1.0"/>
            <attribute range="200.0"/>
            <attribute intensity="0.6"/>
        </component>
    </object>
    <object>
        <attribute name="sound"/>
        <attribute position="0, 0, 0"/>
        <attribute active="true"/>
        <component class="Sound">
            <attribute source="dlc:sound/sound/1.ogg"/>
            <attribute play="true"/>
            <attribute loop="true"/>
        </component>
    </object>
</scene>