<?xml version="1.0" encoding="utf-8" ?>
<scene>
    <attribute name="Skinning"/>
    <object>
        <attribute name="first_person_camera"/>
        <attribute position="0,45,-85"/>
        <attribute rotate="25,0,0"/>
        <attribute active="true"/>
        <component class="Camera">
            <attribute aperture="45.0"/>
            <attribute znear="0.1"/>
            <attribute zfar="500.0"/>
        </component>
        <component class="FirstPersonCamera">
        </component>
    </object>
    <object>
        <attribute name="spot"/>
        <attribute position="0,60,0"/>
        <attribute rotate="90,0,0"/>
        <attribute active="true"/>
        <component class="Light">
            <attribute type="spot"/>
            <attribute color="1.0,1.0,1.0"/>
            <attribute range="60.0"/>
            <attribute intensity="2.0"/>
            <attribute shadow="true"/>
            <attribute soft="true"/>
            <attribute sss="false"/>
        </component>
    </object>
    <object>
        <attribute name="light"/>
        <attribute position="0, 0, 0"/>
        <attribute rotate="0,0,0"/>
        <attribute active="true"/>
        <component class="Light">
            <attribute type="ambient"/>
            <attribute range="100.0"/>
            <attribute color="1.0,0.6,0.6"/>
            <attribute intensity="0.5"/>
        </component>
    </object>
    <object>
        <attribute name="light"/>
        <attribute position="0, 0, 0"/>
        <attribute rotate="180,0,0"/>
        <attribute active="true"/>
        <component class="Light">
            <attribute type="ambient"/>
            <attribute range="100.0"/>
            <attribute color="1.0,0.6,0.6"/>
            <attribute intensity="0.1"/>
        </component>
    </object>
    <object>
        <attribute name="skinning"/>
        <attribute active="true"/>
        <component class="Skinning">
        </component>
    </object>
</scene>