<?xml version="1.0" encoding="utf-8" ?>
<scene>
    <attribute name="Skinning"/>
    <object>
        <attribute name="first_person_camera"/>
        <attribute position="0,22,-22"/>
        <attribute rotate="25,0,0"/>
        <attribute active="true"/>
        <component class="Camera">
            <attribute aperture="45.0"/>
            <attribute znear="0.1"/>
            <attribute zfar="500.0"/>
        </component>
        <component class="FirstPersonCamera">
        </component>
    </object>
   <object>
        <attribute name="stage"/>
        <attribute position="0,0,0"/>
        <attribute rotate="0,0,0"/>
        <attribute scale="1,1,1"/>
        <attribute active="true"/>
        <component class="Mesh">
            <attribute name="dlc:skinning/models/PDF 活动小丑/stage.pmx"/>
        </component>
        <component class="MeshRender">
            <attribute castshadow="true"/>
            <attribute receiveshadow="false"/>
        </component>
    </object>
    <object>
        <attribute name="miku"/>
        <attribute position="0,0,0"/>
        <attribute rotate="0,0,0"/>
        <attribute scale="1,1,1"/>
        <attribute active="true"/>
        <component class="Mesh">
            <attribute name="dlc:skinning/models/PDF 活动小丑/活动小丑.pmx"/>
        </component>
        <component class="Animotion">
            <attribute name="dlc:skinning/animotion/愛言葉.vmd"/>
        </component>
        <component class="SkinnedMeshRender">
            <attribute castshadow="true"/>
            <attribute receiveshadow="false"/>
        </component>
    </object>
    <object>
        <attribute name="sun"/>
        <attribute position="0,30,0"/>
        <attribute rotate="90,0,0"/>
        <attribute active="true"/>
        <component class="Light">
            <attribute type="sun"/>
            <attribute color="1.0,1.0,1.0"/>
            <attribute range="40.0"/>
            <attribute intensity="1.0"/>
            <attribute shadow="true"/>
            <attribute soft="true"/>
            <attribute sss="false"/>
        </component>
    </object>
    <object>
        <attribute name="light"/>
        <attribute position="0, 0, 0"/>
        <attribute rotate="0,0,0"/>
        <attribute active="true"/>
        <component class="Light">
            <attribute type="ambient"/>
            <attribute range="100.0"/>
            <attribute color="1.0,0.6,0.6"/>
            <attribute intensity="0.5"/>
        </component>
    </object>
    <object>
        <attribute name="light"/>
        <attribute position="0, 0, 0"/>
        <attribute rotate="180,0,0"/>
        <attribute active="true"/>
        <component class="Light">
            <attribute type="ambient"/>
            <attribute range="100.0"/>
            <attribute color="1.0,0.6,0.6"/>
            <attribute intensity="0.1"/>
        </component>
    </object>
</scene>