<?xml version="1.0" encoding="utf-8" ?>
<scene>
    <attribute name="cubes"/>
    <object>
        <attribute name="first_person_camera"/>
        <attribute position="0,62,0" />
        <attribute lookat="0,62,1" />
        <attribute active="true"/>
        <component name="ray::Camera">
            <attribute aperture="75.0"/>
            <attribute znear="0.1"/>
            <attribute zfar="65535.0"/>
            <attribute w="1376"/>
            <attribute h="768"/>
        </component>
        <component name="FirstPersonCamera">
        </component>
        <component name="ray::PhysicsCharacter">
            <attribute radius="1"/>
            <attribute height="4"/>
        </component>
    </object>
    <object>
        <attribute name="grass"/>
        <attribute position="0,0,0" />
        <attribute active="false"/>
        <component name="ray::Mesh">
            <attribute name="dlc:cube/models/cube.pmx"/>
        </component>
        <component name="ray::MeshRender">
            <attribute material="dlc:cube/material/grass.mat"/>
        </component>
    </object>
    <object>
        <attribute name="wood"/>
        <attribute position="0,0,0" />
        <attribute active="false"/>
        <component name="ray::Mesh">
            <attribute name="dlc:cube/models/cube.pmx"/>
        </component>
        <component name="ray::MeshRender">
            <attribute material="dlc:cube/material/wood.mat"/>
        </component>
    </object>
    <object>
        <attribute name="leaf"/>
        <attribute position="0,0,0" />
        <attribute active="false"/>
        <component name="ray::Mesh">
            <attribute name="dlc:cube/models/cube.pmx"/>
        </component>
        <component name="ray::MeshRender">
            <attribute material="dlc:cube/material/leaf.mat"/>
        </component>
    </object>
    <object>
        <attribute name="clound"/>
        <attribute position="0,0,0" />
        <attribute active="false"/>
        <component name="ray::Mesh">
            <attribute name="dlc:cube/models/cube.pmx"/>
        </component>
        <component name="ray::MeshRender">
            <attribute material="dlc:cube/material/clound.mat"/>
        </component>
    </object>
    <object>
        <attribute name="water"/>
        <attribute position="0,0,0" />
        <attribute active="false"/>
        <component name="ray::Mesh">
            <attribute name="dlc:cube/models/cube.pmx"/>
        </component>
        <component name="ray::MeshRender">
            <attribute material="dlc:cube/material/water.mat"/>
        </component>
    </object>
    <object>
        <attribute name="sun"/>
        <attribute position="0, 250, 0"/>
        <attribute up="0,0,1"/>
        <attribute active="true"/>
        <component name="ray::Light">
            <attribute type="sun"/>
            <attribute range="200.0"/>
            <attribute shadow="true"/>
        </component>
    </object>
    <object>
        <attribute name="light"/>
        <attribute position="0, 0, 0"/>
        <attribute active="true"/>
        <component name="ray::Light">
            <attribute type="ambient"/>
            <attribute color="1.0,1.0,1.0"/>
            <attribute range="200.0"/>
            <attribute intensity="0.1"/>
        </component>
    </object>
    <object>
        <attribute name="terrain"/>
        <attribute active="true"/>
        <component name="Terrain">
        </component>
    </object>
</scene>